Archive member included to satisfy reference by file (symbol)

c:/program files (x86)/atmel/studio/7.0/toolchain/avr8/avr8-gnu-toolchain/bin/../lib/gcc/avr/5.4.0/avr5\libgcc.a(_exit.o)
                              C:/Program Files (x86)/Atmel/Studio/7.0/Packs/atmel/ATmega_DFP/1.7.374/gcc/dev/atmega328p/avr5/crtatmega328p.o (exit)
c:/program files (x86)/atmel/studio/7.0/toolchain/avr8/avr8-gnu-toolchain/bin/../lib/gcc/avr/5.4.0/avr5\libgcc.a(_copy_data.o)
                              FreeRTOS/tasks.o (__do_copy_data)
c:/program files (x86)/atmel/studio/7.0/toolchain/avr8/avr8-gnu-toolchain/bin/../lib/gcc/avr/5.4.0/avr5\libgcc.a(_clear_bss.o)
                              FreeRTOS/heap_1.o (__do_clear_bss)
c:/program files (x86)/atmel/studio/7.0/toolchain/avr8/avr8-gnu-toolchain/bin/../lib/gcc/avr/5.4.0/../../../../avr/lib/avr5\libc.a(memcpy.o)
                              FreeRTOS/queue.o (memcpy)

Allocating common symbols
Common symbol       size              file

rx_buffer           0x40              uart.o
tx_buffer           0x100             uart.o
g_holding_registers
                    0x20              modbus.o

Discarded input sections

 .data          0x00000000        0x0 C:/Program Files (x86)/Atmel/Studio/7.0/Packs/atmel/ATmega_DFP/1.7.374/gcc/dev/atmega328p/avr5/crtatmega328p.o
 .bss           0x00000000        0x0 C:/Program Files (x86)/Atmel/Studio/7.0/Packs/atmel/ATmega_DFP/1.7.374/gcc/dev/atmega328p/avr5/crtatmega328p.o
 .text          0x00000000        0x0 FreeRTOS/croutine.o
 .data          0x00000000        0x0 FreeRTOS/croutine.o
 .bss           0x00000000        0x0 FreeRTOS/croutine.o
 .debug_info    0x00000000       0x64 FreeRTOS/croutine.o
 .debug_abbrev  0x00000000       0x26 FreeRTOS/croutine.o
 .debug_aranges
                0x00000000       0x18 FreeRTOS/croutine.o
 .debug_line    0x00000000       0x1a FreeRTOS/croutine.o
 .debug_str     0x00000000      0x16e FreeRTOS/croutine.o
 .comment       0x00000000       0x31 FreeRTOS/croutine.o
 .text          0x00000000        0x0 FreeRTOS/event_groups.o
 .data          0x00000000        0x0 FreeRTOS/event_groups.o
 .bss           0x00000000        0x0 FreeRTOS/event_groups.o
 .text.prvTestWaitCondition
                0x00000000       0x26 FreeRTOS/event_groups.o
 .text.xEventGroupCreate
                0x00000000       0x26 FreeRTOS/event_groups.o
 .text.xEventGroupWaitBits
                0x00000000       0xe4 FreeRTOS/event_groups.o
 .text.xEventGroupClearBits
                0x00000000       0x1e FreeRTOS/event_groups.o
 .text.xEventGroupGetBitsFromISR
                0x00000000        0x8 FreeRTOS/event_groups.o
 .text.xEventGroupSetBits
                0x00000000       0xc8 FreeRTOS/event_groups.o
 .text.xEventGroupSync
                0x00000000       0xd6 FreeRTOS/event_groups.o
 .text.vEventGroupDelete
                0x00000000       0x2e FreeRTOS/event_groups.o
 .text.vEventGroupSetBitsCallback
                0x00000000        0x8 FreeRTOS/event_groups.o
 .text.vEventGroupClearBitsCallback
                0x00000000        0x8 FreeRTOS/event_groups.o
 .debug_info    0x00000000      0x8c1 FreeRTOS/event_groups.o
 .debug_abbrev  0x00000000      0x1d5 FreeRTOS/event_groups.o
 .debug_loc     0x00000000      0xb21 FreeRTOS/event_groups.o
 .debug_aranges
                0x00000000       0x68 FreeRTOS/event_groups.o
 .debug_ranges  0x00000000       0x70 FreeRTOS/event_groups.o
 .debug_line    0x00000000      0x403 FreeRTOS/event_groups.o
 .debug_str     0x00000000      0x588 FreeRTOS/event_groups.o
 .comment       0x00000000       0x31 FreeRTOS/event_groups.o
 .debug_frame   0x00000000      0x15c FreeRTOS/event_groups.o
 .text          0x00000000        0x0 FreeRTOS/heap_1.o
 .data          0x00000000        0x0 FreeRTOS/heap_1.o
 .bss           0x00000000        0x0 FreeRTOS/heap_1.o
 .text.vPortInitialiseBlocks
                0x00000000        0xa FreeRTOS/heap_1.o
 .text.xPortGetFreeHeapSize
                0x00000000       0x12 FreeRTOS/heap_1.o
 .text          0x00000000        0x0 FreeRTOS/list.o
 .data          0x00000000        0x0 FreeRTOS/list.o
 .bss           0x00000000        0x0 FreeRTOS/list.o
 .text          0x00000000        0x0 FreeRTOS/port.o
 .data          0x00000000        0x0 FreeRTOS/port.o
 .bss           0x00000000        0x0 FreeRTOS/port.o
 .text.vPortEndScheduler
                0x00000000        0x2 FreeRTOS/port.o
 .text          0x00000000        0x0 FreeRTOS/queue.o
 .data          0x00000000        0x0 FreeRTOS/queue.o
 .bss           0x00000000        0x0 FreeRTOS/queue.o
 .text.xQueueGenericSendFromISR
                0x00000000       0x74 FreeRTOS/queue.o
 .text.xQueueGiveFromISR
                0x00000000       0x52 FreeRTOS/queue.o
 .text.xQueueReceiveFromISR
                0x00000000       0x6e FreeRTOS/queue.o
 .text.xQueuePeekFromISR
                0x00000000       0x2e FreeRTOS/queue.o
 .text.uxQueueMessagesWaiting
                0x00000000       0x10 FreeRTOS/queue.o
 .text.uxQueueSpacesAvailable
                0x00000000       0x16 FreeRTOS/queue.o
 .text.uxQueueMessagesWaitingFromISR
                0x00000000        0x6 FreeRTOS/queue.o
 .text.vQueueDelete
                0x00000000        0x6 FreeRTOS/queue.o
 .text.xQueueIsQueueEmptyFromISR
                0x00000000       0x10 FreeRTOS/queue.o
 .text.xQueueIsQueueFullFromISR
                0x00000000       0x12 FreeRTOS/queue.o
 .text          0x00000000        0x0 FreeRTOS/tasks.o
 .data          0x00000000        0x0 FreeRTOS/tasks.o
 .bss           0x00000000        0x0 FreeRTOS/tasks.o
 .text.prvTaskIsTaskSuspended
                0x00000000       0x2e FreeRTOS/tasks.o
 .text.vTaskDelete
                0x00000000       0xa2 FreeRTOS/tasks.o
 .text.vTaskResume
                0x00000000       0x84 FreeRTOS/tasks.o
 .text.xTaskResumeFromISR
                0x00000000       0x90 FreeRTOS/tasks.o
 .text.vTaskEndScheduler
                0x00000000        0xc FreeRTOS/tasks.o
 .text.xTaskGetTickCount
                0x00000000       0x14 FreeRTOS/tasks.o
 .text.xTaskGetTickCountFromISR
                0x00000000        0xa FreeRTOS/tasks.o
 .text.uxTaskGetNumberOfTasks
                0x00000000        0x6 FreeRTOS/tasks.o
 .text.pcTaskGetName
                0x00000000       0x10 FreeRTOS/tasks.o
 .text.vTaskDelayUntil
                0x00000000       0x82 FreeRTOS/tasks.o
 .text.vTaskSuspend
                0x00000000       0x9c FreeRTOS/tasks.o
 .text.vTaskPlaceOnUnorderedEventList
                0x00000000       0x32 FreeRTOS/tasks.o
 .text.xTaskRemoveFromUnorderedEventList
                0x00000000       0x74 FreeRTOS/tasks.o
 .text.xTaskGetSchedulerState
                0x00000000       0x1c FreeRTOS/tasks.o
 .text.uxTaskResetEventItemValue
                0x00000000       0x2e FreeRTOS/tasks.o
 .text.ulTaskNotifyTake
                0x00000000       0xae FreeRTOS/tasks.o
 .text.xTaskNotifyWait
                0x00000000      0x108 FreeRTOS/tasks.o
 .text.xTaskGenericNotify
                0x00000000      0x10a FreeRTOS/tasks.o
 .text.xTaskGenericNotifyFromISR
                0x00000000      0x130 FreeRTOS/tasks.o
 .text.vTaskNotifyGiveFromISR
                0x00000000       0xb6 FreeRTOS/tasks.o
 .text.xTaskNotifyStateClear
                0x00000000       0x28 FreeRTOS/tasks.o
 .text          0x00000000        0x0 FreeRTOS/timers.o
 .data          0x00000000        0x0 FreeRTOS/timers.o
 .bss           0x00000000        0x0 FreeRTOS/timers.o
 .debug_info    0x00000000       0x64 FreeRTOS/timers.o
 .debug_abbrev  0x00000000       0x26 FreeRTOS/timers.o
 .debug_aranges
                0x00000000       0x18 FreeRTOS/timers.o
 .debug_line    0x00000000       0x1a FreeRTOS/timers.o
 .debug_str     0x00000000      0x16c FreeRTOS/timers.o
 .comment       0x00000000       0x31 FreeRTOS/timers.o
 .text          0x00000000        0x0 main.o
 .data          0x00000000        0x0 main.o
 .bss           0x00000000        0x0 main.o
 .text          0x00000000        0x0 modbus.o
 .data          0x00000000        0x0 modbus.o
 .bss           0x00000000        0x0 modbus.o
 .text.modbus_crc16
                0x00000000       0x48 modbus.o
 .text.modbus_send_response
                0x00000000       0x2c modbus.o
 .text.modbus_send_exception
                0x00000000       0x42 modbus.o
 .text.modbus_process_frame
                0x00000000      0x17a modbus.o
 .text.vModbusTask
                0x00000000       0x5c modbus.o
 .text.modbus_init
                0x00000000       0x18 modbus.o
 .bss.modbus_frame.2218
                0x00000000       0x80 modbus.o
 .bss.frame_index.2219
                0x00000000        0x1 modbus.o
 .debug_info    0x00000000      0x4f3 modbus.o
 .debug_abbrev  0x00000000      0x1c9 modbus.o
 .debug_loc     0x00000000      0x5cf modbus.o
 .debug_aranges
                0x00000000       0x48 modbus.o
 .debug_ranges  0x00000000       0x68 modbus.o
 .debug_line    0x00000000      0x315 modbus.o
 .debug_str     0x00000000      0x30b modbus.o
 .comment       0x00000000       0x31 modbus.o
 .debug_frame   0x00000000       0xd8 modbus.o
 COMMON         0x00000000       0x20 modbus.o
 .text          0x00000000        0x0 uart.o
 .data          0x00000000        0x0 uart.o
 .bss           0x00000000        0x0 uart.o
 .text.uart_is_available
                0x00000000       0x12 uart.o
 .text.uart_initial_print
                0x00000000       0x1a uart.o
 .text.uart_task_print
                0x00000000       0x1a uart.o
 .text          0x00000000        0x0 c:/program files (x86)/atmel/studio/7.0/toolchain/avr8/avr8-gnu-toolchain/bin/../lib/gcc/avr/5.4.0/avr5\libgcc.a(_exit.o)
 .data          0x00000000        0x0 c:/program files (x86)/atmel/studio/7.0/toolchain/avr8/avr8-gnu-toolchain/bin/../lib/gcc/avr/5.4.0/avr5\libgcc.a(_exit.o)
 .bss           0x00000000        0x0 c:/program files (x86)/atmel/studio/7.0/toolchain/avr8/avr8-gnu-toolchain/bin/../lib/gcc/avr/5.4.0/avr5\libgcc.a(_exit.o)
 .text.libgcc.mul
                0x00000000        0x0 c:/program files (x86)/atmel/studio/7.0/toolchain/avr8/avr8-gnu-toolchain/bin/../lib/gcc/avr/5.4.0/avr5\libgcc.a(_exit.o)
 .text.libgcc.div
                0x00000000        0x0 c:/program files (x86)/atmel/studio/7.0/toolchain/avr8/avr8-gnu-toolchain/bin/../lib/gcc/avr/5.4.0/avr5\libgcc.a(_exit.o)
 .text.libgcc   0x00000000        0x0 c:/program files (x86)/atmel/studio/7.0/toolchain/avr8/avr8-gnu-toolchain/bin/../lib/gcc/avr/5.4.0/avr5\libgcc.a(_exit.o)
 .text.libgcc.prologue
                0x00000000        0x0 c:/program files (x86)/atmel/studio/7.0/toolchain/avr8/avr8-gnu-toolchain/bin/../lib/gcc/avr/5.4.0/avr5\libgcc.a(_exit.o)
 .text.libgcc.builtins
                0x00000000        0x0 c:/program files (x86)/atmel/studio/7.0/toolchain/avr8/avr8-gnu-toolchain/bin/../lib/gcc/avr/5.4.0/avr5\libgcc.a(_exit.o)
 .text.libgcc.fmul
                0x00000000        0x0 c:/program files (x86)/atmel/studio/7.0/toolchain/avr8/avr8-gnu-toolchain/bin/../lib/gcc/avr/5.4.0/avr5\libgcc.a(_exit.o)
 .text.libgcc.fixed
                0x00000000        0x0 c:/program files (x86)/atmel/studio/7.0/toolchain/avr8/avr8-gnu-toolchain/bin/../lib/gcc/avr/5.4.0/avr5\libgcc.a(_exit.o)
 .text          0x00000000        0x0 c:/program files (x86)/atmel/studio/7.0/toolchain/avr8/avr8-gnu-toolchain/bin/../lib/gcc/avr/5.4.0/avr5\libgcc.a(_copy_data.o)
 .data          0x00000000        0x0 c:/program files (x86)/atmel/studio/7.0/toolchain/avr8/avr8-gnu-toolchain/bin/../lib/gcc/avr/5.4.0/avr5\libgcc.a(_copy_data.o)
 .bss           0x00000000        0x0 c:/program files (x86)/atmel/studio/7.0/toolchain/avr8/avr8-gnu-toolchain/bin/../lib/gcc/avr/5.4.0/avr5\libgcc.a(_copy_data.o)
 .text.libgcc.mul
                0x00000000        0x0 c:/program files (x86)/atmel/studio/7.0/toolchain/avr8/avr8-gnu-toolchain/bin/../lib/gcc/avr/5.4.0/avr5\libgcc.a(_copy_data.o)
 .text.libgcc.div
                0x00000000        0x0 c:/program files (x86)/atmel/studio/7.0/toolchain/avr8/avr8-gnu-toolchain/bin/../lib/gcc/avr/5.4.0/avr5\libgcc.a(_copy_data.o)
 .text.libgcc   0x00000000        0x0 c:/program files (x86)/atmel/studio/7.0/toolchain/avr8/avr8-gnu-toolchain/bin/../lib/gcc/avr/5.4.0/avr5\libgcc.a(_copy_data.o)
 .text.libgcc.prologue
                0x00000000        0x0 c:/program files (x86)/atmel/studio/7.0/toolchain/avr8/avr8-gnu-toolchain/bin/../lib/gcc/avr/5.4.0/avr5\libgcc.a(_copy_data.o)
 .text.libgcc.builtins
                0x00000000        0x0 c:/program files (x86)/atmel/studio/7.0/toolchain/avr8/avr8-gnu-toolchain/bin/../lib/gcc/avr/5.4.0/avr5\libgcc.a(_copy_data.o)
 .text.libgcc.fmul
                0x00000000        0x0 c:/program files (x86)/atmel/studio/7.0/toolchain/avr8/avr8-gnu-toolchain/bin/../lib/gcc/avr/5.4.0/avr5\libgcc.a(_copy_data.o)
 .text.libgcc.fixed
                0x00000000        0x0 c:/program files (x86)/atmel/studio/7.0/toolchain/avr8/avr8-gnu-toolchain/bin/../lib/gcc/avr/5.4.0/avr5\libgcc.a(_copy_data.o)
 .text          0x00000000        0x0 c:/program files (x86)/atmel/studio/7.0/toolchain/avr8/avr8-gnu-toolchain/bin/../lib/gcc/avr/5.4.0/avr5\libgcc.a(_clear_bss.o)
 .data          0x00000000        0x0 c:/program files (x86)/atmel/studio/7.0/toolchain/avr8/avr8-gnu-toolchain/bin/../lib/gcc/avr/5.4.0/avr5\libgcc.a(_clear_bss.o)
 .bss           0x00000000        0x0 c:/program files (x86)/atmel/studio/7.0/toolchain/avr8/avr8-gnu-toolchain/bin/../lib/gcc/avr/5.4.0/avr5\libgcc.a(_clear_bss.o)
 .text.libgcc.mul
                0x00000000        0x0 c:/program files (x86)/atmel/studio/7.0/toolchain/avr8/avr8-gnu-toolchain/bin/../lib/gcc/avr/5.4.0/avr5\libgcc.a(_clear_bss.o)
 .text.libgcc.div
                0x00000000        0x0 c:/program files (x86)/atmel/studio/7.0/toolchain/avr8/avr8-gnu-toolchain/bin/../lib/gcc/avr/5.4.0/avr5\libgcc.a(_clear_bss.o)
 .text.libgcc   0x00000000        0x0 c:/program files (x86)/atmel/studio/7.0/toolchain/avr8/avr8-gnu-toolchain/bin/../lib/gcc/avr/5.4.0/avr5\libgcc.a(_clear_bss.o)
 .text.libgcc.prologue
                0x00000000        0x0 c:/program files (x86)/atmel/studio/7.0/toolchain/avr8/avr8-gnu-toolchain/bin/../lib/gcc/avr/5.4.0/avr5\libgcc.a(_clear_bss.o)
 .text.libgcc.builtins
                0x00000000        0x0 c:/program files (x86)/atmel/studio/7.0/toolchain/avr8/avr8-gnu-toolchain/bin/../lib/gcc/avr/5.4.0/avr5\libgcc.a(_clear_bss.o)
 .text.libgcc.fmul
                0x00000000        0x0 c:/program files (x86)/atmel/studio/7.0/toolchain/avr8/avr8-gnu-toolchain/bin/../lib/gcc/avr/5.4.0/avr5\libgcc.a(_clear_bss.o)
 .text.libgcc.fixed
                0x00000000        0x0 c:/program files (x86)/atmel/studio/7.0/toolchain/avr8/avr8-gnu-toolchain/bin/../lib/gcc/avr/5.4.0/avr5\libgcc.a(_clear_bss.o)
 .text          0x00000000        0x0 c:/program files (x86)/atmel/studio/7.0/toolchain/avr8/avr8-gnu-toolchain/bin/../lib/gcc/avr/5.4.0/../../../../avr/lib/avr5\libc.a(memcpy.o)
 .data          0x00000000        0x0 c:/program files (x86)/atmel/studio/7.0/toolchain/avr8/avr8-gnu-toolchain/bin/../lib/gcc/avr/5.4.0/../../../../avr/lib/avr5\libc.a(memcpy.o)
 .bss           0x00000000        0x0 c:/program files (x86)/atmel/studio/7.0/toolchain/avr8/avr8-gnu-toolchain/bin/../lib/gcc/avr/5.4.0/../../../../avr/lib/avr5\libc.a(memcpy.o)

Memory Configuration

Name             Origin             Length             Attributes
text             0x00000000         0x00008000         xr
data             0x00800100         0x00000800         rw !x
eeprom           0x00810000         0x00000400         rw !x
fuse             0x00820000         0x00000003         rw !x
lock             0x00830000         0x00000400         rw !x
signature        0x00840000         0x00000400         rw !x
user_signatures  0x00850000         0x00000400         rw !x
*default*        0x00000000         0xffffffff

Linker script and memory map

Address of section .data set to 0x800100
LOAD C:/Program Files (x86)/Atmel/Studio/7.0/Packs/atmel/ATmega_DFP/1.7.374/gcc/dev/atmega328p/avr5/crtatmega328p.o
LOAD FreeRTOS/croutine.o
LOAD FreeRTOS/event_groups.o
LOAD FreeRTOS/heap_1.o
LOAD FreeRTOS/list.o
LOAD FreeRTOS/port.o
LOAD FreeRTOS/queue.o
LOAD FreeRTOS/tasks.o
LOAD FreeRTOS/timers.o
LOAD main.o
LOAD modbus.o
LOAD uart.o
START GROUP
LOAD c:/program files (x86)/atmel/studio/7.0/toolchain/avr8/avr8-gnu-toolchain/bin/../lib/gcc/avr/5.4.0/../../../../avr/lib/avr5\libm.a
END GROUP
START GROUP
LOAD c:/program files (x86)/atmel/studio/7.0/toolchain/avr8/avr8-gnu-toolchain/bin/../lib/gcc/avr/5.4.0/avr5\libgcc.a
LOAD c:/program files (x86)/atmel/studio/7.0/toolchain/avr8/avr8-gnu-toolchain/bin/../lib/gcc/avr/5.4.0/../../../../avr/lib/avr5\libm.a
LOAD c:/program files (x86)/atmel/studio/7.0/toolchain/avr8/avr8-gnu-toolchain/bin/../lib/gcc/avr/5.4.0/../../../../avr/lib/avr5\libc.a
LOAD C:/Program Files (x86)/Atmel/Studio/7.0/Packs/atmel/ATmega_DFP/1.7.374/gcc/dev/atmega328p/avr5\libatmega328p.a
END GROUP
                0x00000000                __TEXT_REGION_ORIGIN__ = DEFINED (__TEXT_REGION_ORIGIN__)?__TEXT_REGION_ORIGIN__:0x0
                [0x00800100]                __DATA_REGION_ORIGIN__ = DEFINED (__DATA_REGION_ORIGIN__)?__DATA_REGION_ORIGIN__:0x800060
                [0x00008000]                __TEXT_REGION_LENGTH__ = DEFINED (__TEXT_REGION_LENGTH__)?__TEXT_REGION_LENGTH__:0x20000
                [0x00000800]                __DATA_REGION_LENGTH__ = DEFINED (__DATA_REGION_LENGTH__)?__DATA_REGION_LENGTH__:0xffa0
                [0x00000400]                __EEPROM_REGION_LENGTH__ = DEFINED (__EEPROM_REGION_LENGTH__)?__EEPROM_REGION_LENGTH__:0x10000
                [0x00000003]                __FUSE_REGION_LENGTH__ = DEFINED (__FUSE_REGION_LENGTH__)?__FUSE_REGION_LENGTH__:0x400
                0x00000400                __LOCK_REGION_LENGTH__ = DEFINED (__LOCK_REGION_LENGTH__)?__LOCK_REGION_LENGTH__:0x400
                0x00000400                __SIGNATURE_REGION_LENGTH__ = DEFINED (__SIGNATURE_REGION_LENGTH__)?__SIGNATURE_REGION_LENGTH__:0x400
                0x00000400                __USER_SIGNATURE_REGION_LENGTH__ = DEFINED (__USER_SIGNATURE_REGION_LENGTH__)?__USER_SIGNATURE_REGION_LENGTH__:0x400

.hash
 *(.hash)

.dynsym
 *(.dynsym)

.dynstr
 *(.dynstr)

.gnu.version
 *(.gnu.version)

.gnu.version_d
 *(.gnu.version_d)

.gnu.version_r
 *(.gnu.version_r)

.rel.init
 *(.rel.init)

.rela.init
 *(.rela.init)

.rel.text
 *(.rel.text)
 *(.rel.text.*)
 *(.rel.gnu.linkonce.t*)

.rela.text
 *(.rela.text)
 *(.rela.text.*)
 *(.rela.gnu.linkonce.t*)

.rel.fini
 *(.rel.fini)

.rela.fini
 *(.rela.fini)

.rel.rodata
 *(.rel.rodata)
 *(.rel.rodata.*)
 *(.rel.gnu.linkonce.r*)

.rela.rodata
 *(.rela.rodata)
 *(.rela.rodata.*)
 *(.rela.gnu.linkonce.r*)

.rel.data
 *(.rel.data)
 *(.rel.data.*)
 *(.rel.gnu.linkonce.d*)

.rela.data
 *(.rela.data)
 *(.rela.data.*)
 *(.rela.gnu.linkonce.d*)

.rel.ctors
 *(.rel.ctors)

.rela.ctors
 *(.rela.ctors)

.rel.dtors
 *(.rel.dtors)

.rela.dtors
 *(.rela.dtors)

.rel.got
 *(.rel.got)

.rela.got
 *(.rela.got)

.rel.bss
 *(.rel.bss)

.rela.bss
 *(.rela.bss)

.rel.plt
 *(.rel.plt)

.rela.plt
 *(.rela.plt)

.text           0x00000000     0x169c
 *(.vectors)
 .vectors       0x00000000       0x68 C:/Program Files (x86)/Atmel/Studio/7.0/Packs/atmel/ATmega_DFP/1.7.374/gcc/dev/atmega328p/avr5/crtatmega328p.o
                0x00000000                __vector_default
                0x00000000                __vectors
 *(.vectors)
 *(.progmem.gcc*)
                0x00000068                . = ALIGN (0x2)
                0x00000068                __trampolines_start = .
 *(.trampolines)
 .trampolines   0x00000068        0x0 linker stubs
 *(.trampolines*)
                0x00000068                __trampolines_end = .
 *libprintf_flt.a:*(.progmem.data)
 *libc.a:*(.progmem.data)
 *(.progmem*)
                0x00000068                . = ALIGN (0x2)
 *(.jumptables)
 *(.jumptables*)
 *(.lowtext)
 *(.lowtext*)
                0x00000068                __ctors_start = .
 *(.ctors)
                0x00000068                __ctors_end = .
                0x00000068                __dtors_start = .
 *(.dtors)
                0x00000068                __dtors_end = .
 SORT(*)(.ctors)
 SORT(*)(.dtors)
 *(.init0)
 .init0         0x00000068        0x0 C:/Program Files (x86)/Atmel/Studio/7.0/Packs/atmel/ATmega_DFP/1.7.374/gcc/dev/atmega328p/avr5/crtatmega328p.o
                0x00000068                __init
 *(.init0)
 *(.init1)
 *(.init1)
 *(.init2)
 .init2         0x00000068        0xc C:/Program Files (x86)/Atmel/Studio/7.0/Packs/atmel/ATmega_DFP/1.7.374/gcc/dev/atmega328p/avr5/crtatmega328p.o
 *(.init2)
 *(.init3)
 *(.init3)
 *(.init4)
 .init4         0x00000074       0x16 c:/program files (x86)/atmel/studio/7.0/toolchain/avr8/avr8-gnu-toolchain/bin/../lib/gcc/avr/5.4.0/avr5\libgcc.a(_copy_data.o)
                0x00000074                __do_copy_data
 .init4         0x0000008a       0x10 c:/program files (x86)/atmel/studio/7.0/toolchain/avr8/avr8-gnu-toolchain/bin/../lib/gcc/avr/5.4.0/avr5\libgcc.a(_clear_bss.o)
                0x0000008a                __do_clear_bss
 *(.init4)
 *(.init5)
 *(.init5)
 *(.init6)
 *(.init6)
 *(.init7)
 *(.init7)
 *(.init8)
 *(.init8)
 *(.init9)
 .init9         0x0000009a        0x8 C:/Program Files (x86)/Atmel/Studio/7.0/Packs/atmel/ATmega_DFP/1.7.374/gcc/dev/atmega328p/avr5/crtatmega328p.o
 *(.init9)
 *(.text)
 .text          0x000000a2        0x4 C:/Program Files (x86)/Atmel/Studio/7.0/Packs/atmel/ATmega_DFP/1.7.374/gcc/dev/atmega328p/avr5/crtatmega328p.o
                0x000000a2                __vector_22
                0x000000a2                __vector_1
                0x000000a2                __vector_24
                0x000000a2                __vector_12
                0x000000a2                __bad_interrupt
                0x000000a2                __vector_6
                0x000000a2                __vector_3
                0x000000a2                __vector_23
                0x000000a2                __vector_25
                0x000000a2                __vector_13
                0x000000a2                __vector_17
                0x000000a2                __vector_7
                0x000000a2                __vector_5
                0x000000a2                __vector_4
                0x000000a2                __vector_9
                0x000000a2                __vector_2
                0x000000a2                __vector_21
                0x000000a2                __vector_15
                0x000000a2                __vector_8
                0x000000a2                __vector_14
                0x000000a2                __vector_10
                0x000000a2                __vector_16
                0x000000a6                . = ALIGN (0x2)
 *(.text.*)
 .text.pvPortMalloc
                0x000000a6       0x6a FreeRTOS/heap_1.o
                0x000000a6                pvPortMalloc
 .text.vPortFree
                0x00000110        0x2 FreeRTOS/heap_1.o
                0x00000110                vPortFree
 .text.vListInitialise
                0x00000112       0x1c FreeRTOS/list.o
                0x00000112                vListInitialise
 .text.vListInitialiseItem
                0x0000012e        0x8 FreeRTOS/list.o
                0x0000012e                vListInitialiseItem
 .text.vListInsertEnd
                0x00000136       0x42 FreeRTOS/list.o
                0x00000136                vListInsertEnd
 .text.vListInsert
                0x00000178       0x62 FreeRTOS/list.o
                0x00000178                vListInsert
 .text.uxListRemove
                0x000001da       0x4c FreeRTOS/list.o
                0x000001da                uxListRemove
 .text.prvSetupTimerInterrupt
                0x00000226       0x20 FreeRTOS/port.o
 .text.pxPortInitialiseStack
                0x00000246       0xd8 FreeRTOS/port.o
                0x00000246                pxPortInitialiseStack
 .text.xPortStartScheduler
                0x0000031e       0x5e FreeRTOS/port.o
                0x0000031e                xPortStartScheduler
 .text.vPortYield
                0x0000037c       0xb2 FreeRTOS/port.o
                0x0000037c                vPortYield
 .text.vPortYieldFromTick
                0x0000042e       0xb8 FreeRTOS/port.o
                0x0000042e                vPortYieldFromTick
 .text.__vector_11
                0x000004e6        0x6 FreeRTOS/port.o
                0x000004e6                __vector_11
 .text.prvIsQueueEmpty
                0x000004ec       0x1a FreeRTOS/queue.o
 .text.prvIsQueueFull
                0x00000506       0x1c FreeRTOS/queue.o
 .text.prvCopyDataToQueue
                0x00000522       0x92 FreeRTOS/queue.o
 .text.prvCopyDataFromQueue
                0x000005b4       0x34 FreeRTOS/queue.o
 .text.prvUnlockQueue
                0x000005e8       0x68 FreeRTOS/queue.o
 .text.xQueueGenericReset
                0x00000650       0x8c FreeRTOS/queue.o
                0x00000650                xQueueGenericReset
 .text.prvInitialiseNewQueue
                0x000006dc       0x26 FreeRTOS/queue.o
 .text.xQueueGenericCreate
                0x00000702       0x54 FreeRTOS/queue.o
                0x00000702                xQueueGenericCreate
 .text.xQueueGenericSend
                0x00000756      0x124 FreeRTOS/queue.o
                0x00000756                xQueueGenericSend
 .text.xQueueGenericReceive
                0x0000087a      0x152 FreeRTOS/queue.o
                0x0000087a                xQueueGenericReceive
 .text.prvResetNextTaskUnblockTime
                0x000009cc       0x3e FreeRTOS/tasks.o
 .text.prvDeleteTCB
                0x00000a0a       0x1a FreeRTOS/tasks.o
 .text.prvInitialiseNewTask
                0x00000a24       0xd4 FreeRTOS/tasks.o
 .text.prvInitialiseTaskLists
                0x00000af8       0x6e FreeRTOS/tasks.o
 .text.prvAddNewTaskToReadyList
                0x00000b66       0xb8 FreeRTOS/tasks.o
 .text.prvAddCurrentTaskToDelayedList
                0x00000c1e       0xb0 FreeRTOS/tasks.o
 .text.xTaskCreate
                0x00000cce       0xa8 FreeRTOS/tasks.o
                0x00000cce                xTaskCreate
 .text.vTaskStartScheduler
                0x00000d76       0x54 FreeRTOS/tasks.o
                0x00000d76                vTaskStartScheduler
 .text.vTaskSuspendAll
                0x00000dca        0xc FreeRTOS/tasks.o
                0x00000dca                vTaskSuspendAll
 .text.xTaskIncrementTick
                0x00000dd6      0x174 FreeRTOS/tasks.o
                0x00000dd6                xTaskIncrementTick
 .text.xTaskResumeAll
                0x00000f4a       0xe4 FreeRTOS/tasks.o
                0x00000f4a                xTaskResumeAll
 .text.vTaskDelay
                0x0000102e       0x2c FreeRTOS/tasks.o
                0x0000102e                vTaskDelay
 .text.prvCheckTasksWaitingTermination
                0x0000105a       0x5c FreeRTOS/tasks.o
 .text.prvIdleTask
                0x000010b6       0x12 FreeRTOS/tasks.o
 .text.vTaskSwitchContext
                0x000010c8       0xa8 FreeRTOS/tasks.o
                0x000010c8                vTaskSwitchContext
 .text.vTaskPlaceOnEventList
                0x00001170       0x24 FreeRTOS/tasks.o
                0x00001170                vTaskPlaceOnEventList
 .text.xTaskRemoveFromEventList
                0x00001194       0x90 FreeRTOS/tasks.o
                0x00001194                xTaskRemoveFromEventList
 .text.vTaskSetTimeOutState
                0x00001224       0x16 FreeRTOS/tasks.o
                0x00001224                vTaskSetTimeOutState
 .text.xTaskCheckForTimeOut
                0x0000123a       0x72 FreeRTOS/tasks.o
                0x0000123a                xTaskCheckForTimeOut
 .text.vTaskMissedYield
                0x000012ac        0x8 FreeRTOS/tasks.o
                0x000012ac                vTaskMissedYield
 .text.calculate_checksum
                0x000012b4       0x1a main.o
 .text.vRxTask  0x000012ce       0x2a main.o
                0x000012ce                vRxTask
 .text.send_response
                0x000012f8       0x62 main.o
 .text.process_packet
                0x0000135a       0xa0 main.o
 .text.vProtocolTask
                0x000013fa       0x80 main.o
                0x000013fa                vProtocolTask
 .text.main     0x0000147a       0x58 main.o
                0x0000147a                main
 .text.__vector_18
                0x000014d2       0x60 uart.o
                0x000014d2                __vector_18
 .text.__vector_19
                0x00001532       0x64 uart.o
                0x00001532                __vector_19
 .text.__vector_20
                0x00001596       0x2e uart.o
                0x00001596                __vector_20
 .text.uart_init
                0x000015c4       0x2e uart.o
                0x000015c4                uart_init
 .text.uart_tx  0x000015f2       0x4e uart.o
                0x000015f2                uart_tx
 .text.uart_rx  0x00001640       0x46 uart.o
                0x00001640                uart_rx
 .text.avr-libc
                0x00001686       0x12 c:/program files (x86)/atmel/studio/7.0/toolchain/avr8/avr8-gnu-toolchain/bin/../lib/gcc/avr/5.4.0/../../../../avr/lib/avr5\libc.a(memcpy.o)
                0x00001686                memcpy
                0x00001698                . = ALIGN (0x2)
 *(.fini9)
 .fini9         0x00001698        0x0 c:/program files (x86)/atmel/studio/7.0/toolchain/avr8/avr8-gnu-toolchain/bin/../lib/gcc/avr/5.4.0/avr5\libgcc.a(_exit.o)
                0x00001698                _exit
                0x00001698                exit
 *(.fini9)
 *(.fini8)
 *(.fini8)
 *(.fini7)
 *(.fini7)
 *(.fini6)
 *(.fini6)
 *(.fini5)
 *(.fini5)
 *(.fini4)
 *(.fini4)
 *(.fini3)
 *(.fini3)
 *(.fini2)
 *(.fini2)
 *(.fini1)
 *(.fini1)
 *(.fini0)
 .fini0         0x00001698        0x4 c:/program files (x86)/atmel/studio/7.0/toolchain/avr8/avr8-gnu-toolchain/bin/../lib/gcc/avr/5.4.0/avr5\libgcc.a(_exit.o)
 *(.fini0)
                0x0000169c                _etext = .

.data           0x00800100       0x16 load address 0x0000169c
                0x00800100                PROVIDE (__data_start, .)
 *(.data)
 *(.data*)
 *(.gnu.linkonce.d*)
 *(.rodata)
 *(.rodata*)
 .rodata.str1.1
                0x00800100        0x5 FreeRTOS/tasks.o
 .rodata.str1.1
                0x00800105       0x11 main.o
 *(.gnu.linkonce.r*)
                0x00800116                . = ALIGN (0x2)
                0x00800116                _edata = .
                0x00800116                PROVIDE (__data_end, .)

.bss            0x00800116      0x4e0
                0x00800116                PROVIDE (__bss_start, .)
 *(.bss)
 *(.bss*)
 .bss.pucAlignedHeap.2068
                0x00800116        0x2 FreeRTOS/heap_1.o
 .bss.xNextFreeByte
                0x00800118        0x2 FreeRTOS/heap_1.o
 .bss.ucHeap    0x0080011a      0x320 FreeRTOS/heap_1.o
 .bss.uxSchedulerSuspended
                0x0080043a        0x1 FreeRTOS/tasks.o
 .bss.xIdleTaskHandle
                0x0080043b        0x2 FreeRTOS/tasks.o
 .bss.xNextTaskUnblockTime
                0x0080043d        0x2 FreeRTOS/tasks.o
 .bss.uxTaskNumber
                0x0080043f        0x1 FreeRTOS/tasks.o
 .bss.xNumOfOverflows
                0x00800440        0x1 FreeRTOS/tasks.o
 .bss.xYieldPending
                0x00800441        0x1 FreeRTOS/tasks.o
 .bss.uxPendedTicks
                0x00800442        0x1 FreeRTOS/tasks.o
 .bss.xSchedulerRunning
                0x00800443        0x1 FreeRTOS/tasks.o
 .bss.uxTopReadyPriority
                0x00800444        0x1 FreeRTOS/tasks.o
 .bss.xTickCount
                0x00800445        0x2 FreeRTOS/tasks.o
 .bss.uxCurrentNumberOfTasks
                0x00800447        0x1 FreeRTOS/tasks.o
 .bss.xSuspendedTaskList
                0x00800448        0x9 FreeRTOS/tasks.o
 .bss.uxDeletedTasksWaitingCleanUp
                0x00800451        0x1 FreeRTOS/tasks.o
 .bss.xTasksWaitingTermination
                0x00800452        0x9 FreeRTOS/tasks.o
 .bss.xPendingReadyList
                0x0080045b        0x9 FreeRTOS/tasks.o
 .bss.pxOverflowDelayedTaskList
                0x00800464        0x2 FreeRTOS/tasks.o
 .bss.pxDelayedTaskList
                0x00800466        0x2 FreeRTOS/tasks.o
 .bss.xDelayedTaskList2
                0x00800468        0x9 FreeRTOS/tasks.o
 .bss.xDelayedTaskList1
                0x00800471        0x9 FreeRTOS/tasks.o
 .bss.pxReadyTasksLists
                0x0080047a       0x24 FreeRTOS/tasks.o
 .bss.pxCurrentTCB
                0x0080049e        0x2 FreeRTOS/tasks.o
                0x0080049e                pxCurrentTCB
 .bss.g_device_registers
                0x008004a0       0x10 main.o
 .bss.xUartQueue
                0x008004b0        0x2 main.o
 .bss.rx_tail   0x008004b2        0x1 uart.o
                0x008004b2                rx_tail
 .bss.rx_head   0x008004b3        0x1 uart.o
                0x008004b3                rx_head
 .bss.tx_tail   0x008004b4        0x1 uart.o
                0x008004b4                tx_tail
 .bss.tx_head   0x008004b5        0x1 uart.o
                0x008004b5                tx_head
 *(COMMON)
 COMMON         0x008004b6      0x140 uart.o
                0x008004b6                rx_buffer
                0x008004f6                tx_buffer
                0x008005f6                PROVIDE (__bss_end, .)
                0x0000169c                __data_load_start = LOADADDR (.data)
                0x000016b2                __data_load_end = (__data_load_start + SIZEOF (.data))

.noinit         0x008005f6        0x0
                [!provide]                PROVIDE (__noinit_start, .)
 *(.noinit*)
                [!provide]                PROVIDE (__noinit_end, .)
                0x008005f6                _end = .
                [!provide]                PROVIDE (__heap_start, .)

.eeprom         0x00810000        0x0
 *(.eeprom*)
                0x00810000                __eeprom_end = .

.fuse
 *(.fuse)
 *(.lfuse)
 *(.hfuse)
 *(.efuse)

.lock
 *(.lock*)

.signature
 *(.signature*)

.user_signatures
 *(.user_signatures*)

.stab
 *(.stab)

.stabstr
 *(.stabstr)

.stab.excl
 *(.stab.excl)

.stab.exclstr
 *(.stab.exclstr)

.stab.index
 *(.stab.index)

.stab.indexstr
 *(.stab.indexstr)

.comment        0x00000000       0x30
 *(.comment)
 .comment       0x00000000       0x30 FreeRTOS/heap_1.o
                                 0x31 (size before relaxing)
 .comment       0x00000030       0x31 FreeRTOS/list.o
 .comment       0x00000030       0x31 FreeRTOS/port.o
 .comment       0x00000030       0x31 FreeRTOS/queue.o
 .comment       0x00000030       0x31 FreeRTOS/tasks.o
 .comment       0x00000030       0x31 main.o
 .comment       0x00000030       0x31 uart.o

.note.gnu.avr.deviceinfo
                0x00000000       0x40
 .note.gnu.avr.deviceinfo
                0x00000000       0x40 C:/Program Files (x86)/Atmel/Studio/7.0/Packs/atmel/ATmega_DFP/1.7.374/gcc/dev/atmega328p/avr5/crtatmega328p.o

.note.gnu.build-id
 *(.note.gnu.build-id)

.debug
 *(.debug)

.line
 *(.line)

.debug_srcinfo
 *(.debug_srcinfo)

.debug_sfnames
 *(.debug_sfnames)

.debug_aranges  0x00000000      0x388
 *(.debug_aranges)
 .debug_aranges
                0x00000000       0x38 FreeRTOS/heap_1.o
 .debug_aranges
                0x00000038       0x40 FreeRTOS/list.o
 .debug_aranges
                0x00000078       0x50 FreeRTOS/port.o
 .debug_aranges
                0x000000c8       0xb8 FreeRTOS/queue.o
 .debug_aranges
                0x00000180      0x160 FreeRTOS/tasks.o
 .debug_aranges
                0x000002e0       0x48 main.o
 .debug_aranges
                0x00000328       0x60 uart.o

.debug_pubnames
 *(.debug_pubnames)

.debug_info     0x00000000     0x4043
 *(.debug_info .gnu.linkonce.wi.*)
 .debug_info    0x00000000      0x5f4 C:/Program Files (x86)/Atmel/Studio/7.0/Packs/atmel/ATmega_DFP/1.7.374/gcc/dev/atmega328p/avr5/crtatmega328p.o
 .debug_info    0x000005f4      0x1a4 FreeRTOS/heap_1.o
 .debug_info    0x00000798      0x2cd FreeRTOS/list.o
 .debug_info    0x00000a65      0x24b FreeRTOS/port.o
 .debug_info    0x00000cb0     0x1049 FreeRTOS/queue.o
 .debug_info    0x00001cf9     0x1acb FreeRTOS/tasks.o
 .debug_info    0x000037c4      0x59d main.o
 .debug_info    0x00003d61      0x2e2 uart.o

.debug_abbrev   0x00000000     0x10e6
 *(.debug_abbrev)
 .debug_abbrev  0x00000000      0x5a2 C:/Program Files (x86)/Atmel/Studio/7.0/Packs/atmel/ATmega_DFP/1.7.374/gcc/dev/atmega328p/avr5/crtatmega328p.o
 .debug_abbrev  0x000005a2      0x11c FreeRTOS/heap_1.o
 .debug_abbrev  0x000006be       0xf8 FreeRTOS/list.o
 .debug_abbrev  0x000007b6      0x143 FreeRTOS/port.o
 .debug_abbrev  0x000008f9      0x211 FreeRTOS/queue.o
 .debug_abbrev  0x00000b0a      0x2bf FreeRTOS/tasks.o
 .debug_abbrev  0x00000dc9      0x1a0 main.o
 .debug_abbrev  0x00000f69      0x17d uart.o

.debug_line     0x00000000     0x2493
 *(.debug_line .debug_line.* .debug_line_end)
 .debug_line    0x00000000      0x134 C:/Program Files (x86)/Atmel/Studio/7.0/Packs/atmel/ATmega_DFP/1.7.374/gcc/dev/atmega328p/avr5/crtatmega328p.o
 .debug_line    0x00000134      0x1a6 FreeRTOS/heap_1.o
 .debug_line    0x000002da      0x1d2 FreeRTOS/list.o
 .debug_line    0x000004ac      0x298 FreeRTOS/port.o
 .debug_line    0x00000744      0x83d FreeRTOS/queue.o
 .debug_line    0x00000f81      0xfb5 FreeRTOS/tasks.o
 .debug_line    0x00001f36      0x2f2 main.o
 .debug_line    0x00002228      0x26b uart.o

.debug_frame    0x00000000      0xb10
 *(.debug_frame)
 .debug_frame   0x00000000       0x60 FreeRTOS/heap_1.o
 .debug_frame   0x00000060       0x88 FreeRTOS/list.o
 .debug_frame   0x000000e8       0x84 FreeRTOS/port.o
 .debug_frame   0x0000016c      0x284 FreeRTOS/queue.o
 .debug_frame   0x000003f0      0x540 FreeRTOS/tasks.o
 .debug_frame   0x00000930       0xcc main.o
 .debug_frame   0x000009fc      0x114 uart.o

.debug_str      0x00000000     0x13cb
 *(.debug_str)
 .debug_str     0x00000000      0x208 C:/Program Files (x86)/Atmel/Studio/7.0/Packs/atmel/ATmega_DFP/1.7.374/gcc/dev/atmega328p/avr5/crtatmega328p.o
 .debug_str     0x00000208      0x1e5 FreeRTOS/heap_1.o
                                0x21e (size before relaxing)
 .debug_str     0x000003ed      0x150 FreeRTOS/list.o
                                0x2ad (size before relaxing)
 .debug_str     0x0000053d      0x120 FreeRTOS/port.o
                                0x2a7 (size before relaxing)
 .debug_str     0x0000065d      0x40f FreeRTOS/queue.o
                                0x6bb (size before relaxing)
 .debug_str     0x00000a6c      0x788 FreeRTOS/tasks.o
                                0xbf5 (size before relaxing)
 .debug_str     0x000011f4      0x12f main.o
                                0x348 (size before relaxing)
 .debug_str     0x00001323       0xa8 uart.o
                                0x24e (size before relaxing)

.debug_loc      0x00000000     0x3b27
 *(.debug_loc)
 .debug_loc     0x00000000       0xf1 FreeRTOS/heap_1.o
 .debug_loc     0x000000f1      0x145 FreeRTOS/list.o
 .debug_loc     0x00000236      0x274 FreeRTOS/port.o
 .debug_loc     0x000004aa     0x1375 FreeRTOS/queue.o
 .debug_loc     0x0000181f     0x1c25 FreeRTOS/tasks.o
 .debug_loc     0x00003444      0x4c7 main.o
 .debug_loc     0x0000390b      0x21c uart.o

.debug_macinfo
 *(.debug_macinfo)

.debug_weaknames
 *(.debug_weaknames)

.debug_funcnames
 *(.debug_funcnames)

.debug_typenames
 *(.debug_typenames)

.debug_varnames
 *(.debug_varnames)

.debug_pubtypes
 *(.debug_pubtypes)

.debug_ranges   0x00000000      0x3b8
 *(.debug_ranges)
 .debug_ranges  0x00000000       0x28 FreeRTOS/heap_1.o
 .debug_ranges  0x00000028       0x30 FreeRTOS/list.o
 .debug_ranges  0x00000058       0x40 FreeRTOS/port.o
 .debug_ranges  0x00000098       0xf0 FreeRTOS/queue.o
 .debug_ranges  0x00000188      0x190 FreeRTOS/tasks.o
 .debug_ranges  0x00000318       0x50 main.o
 .debug_ranges  0x00000368       0x50 uart.o

.debug_macro
 *(.debug_macro)
OUTPUT(freeRtos_uart.elf elf32-avr)
LOAD linker stubs
